// Jest Snapshot v1, https://goo.gl/fbAQLP

exports[`Home Page should render the page and match snapshot 1`] = `
<div>
  <div
    data-testid="home-page"
  >
    Shadcn lives
  </div>
</div>
`;
